[ocw.mit.edu/ans7870/6/6.005/s16/index.html]
[backblue.gif]
[fade.gif]
[index.html]
[ocw.mit.edu/ans7870/6/6.005/s16/web/handout-style.css]
[ocw.mit.edu/ans7870/6/6.005/s16/general/icons/github.ico]
[ocw.mit.edu/ans7870/6/6.005/s16/classes/01-static-checking/index.html]
[ocw.mit.edu/ans7870/6/6.005/s16/classes/03-testing/index.html]
[ocw.mit.edu/ans7870/6/6.005/s16/general/collaboration.html]
[ocw.mit.edu/ans7870/6/6.005/s16/classes/02-basic-java/index.html]
[ocw.mit.edu/ans7870/6/6.005/s16/classes/04-code-review/index.html]
[ocw.mit.edu/ans7870/6/6.005/s16/classes/05-version-control/index.html]
[ocw.mit.edu/ans7870/6/6.005/s16/general/code-review.html]
[ocw.mit.edu/ans7870/6/6.005/s16/classes/07-designing-specs/index.html]
[ocw.mit.edu/ans7870/6/6.005/s16/classes/06-specifications/index.html]
[ocw.mit.edu/ans7870/6/6.005/s16/classes/08-avoiding-debugging/index.html]
[ocw.mit.edu/ans7870/6/6.005/s16/general/nanoquiz-grading.html]
[ocw.mit.edu/ans7870/6/6.005/s16/classes/12-abstract-data-types/index.html]
[ocw.mit.edu/ans7870/6/6.005/s16/classes/11-debugging/index.html]
[ocw.mit.edu/ans7870/6/6.005/s16/classes/10-recursion/index.html]
[ocw.mit.edu/ans7870/6/6.005/s16/classes/09-immutability/index.html]
[ocw.mit.edu/ans7870/6/6.005/s16/getting-started/java.html]
[ocw.mit.edu/ans7870/6/6.005/s16/classes/15-equality/index.html]
[ocw.mit.edu/ans7870/6/6.005/s16/classes/14-interfaces/index.html]
[ocw.mit.edu/ans7870/6/6.005/s16/classes/13-abstraction-functions-rep-invariants/index.html]
[ocw.mit.edu/ans7870/6/6.005/s16/getting-started/eclipse.html]
[ocw.mit.edu/ans7870/6/6.005/s16/classes/16-recursive-data-types/index.html]
[ocw.mit.edu/ans7870/6/6.005/s16/classes/19-concurrency/index.html]
[ocw.mit.edu/ans7870/6/6.005/s16/classes/18-parser-generators/index.html]
[ocw.mit.edu/ans7870/6/6.005/s16/web/handout-run.js]
[ocw.mit.edu/ans7870/6/6.005/s16/index.html]
[ocw.mit.edu/ans7870/6/6.005/s16/classes/17-regex-grammars/index.html]
[ocw.mit.edu/ans7870/6/6.005/s16/classes/20-thread-safety/index.html]
[ocw.mit.edu/ans7870/6/6.005/s16/classes/22-queues/index.html]
[ocw.mit.edu/ans7870/6/6.005/s16/classes/21-sockets-networking/index.html]
[ocw.mit.edu/ans7870/6/6.005/s16/classes/23-locks/index.html]
[ocw.mit.edu/ans7870/6/6.005/s16/classes/24-graphical-user-interfaces/index.html]
[ocw.mit.edu/ans7870/6/6.005/s16/web/course-style.css]
[ocw.mit.edu/ans7870/6/6.005/s16/web/handout-style.css]
[ocw.mit.edu/ans7870/6/6.005/s16/classes/26-little-languages/index.html]
[ocw.mit.edu/ans7870/6/6.005/s16/general/index.html]
[ocw.mit.edu/ans7870/6/6.005/s16/classes/25-map-filter-reduce/index.html]
[ocw.mit.edu/ans7870/6/6.005/s16/classes/27-team-version-control/index.html]
[ocw.mit.edu/ans7870/6/6.005/s16/getting-started/index.html]
[ocw.mit.edu/ans7870/6/6.005/s16/psets/ps0/index.html]
[ocw.mit.edu/ans7870/6/6.005/s16/classes/01-static-checking/index.html]
[ocw.mit.edu/ans7870/6/6.005/s16/psets/ps1/index.html]
[ocw.mit.edu/ans7870/6/6.005/s16/psets/ps2/index.html]
[ocw.mit.edu/ans7870/6/6.005/s16/psets/ps4/index.html]
[ocw.mit.edu/ans7870/6/6.005/s16/psets/ps3/index.html]
[ocw.mit.edu/ans7870/6/6.005/s16/classes/02-basic-java/figures/primitives.png]
[ocw.mit.edu/ans7870/6/6.005/s16/quizzes/archive/index.html]
[ocw.mit.edu/ans7870/6/6.005/s16/projects/abcplayer/index.html]
[ocw.mit.edu/ans7870/6/6.005/s16/classes/02-basic-java/figures/objects.png]
[ocw.mit.edu/ans7870/6/6.005/s16/classes/02-basic-java/figures/reassignment.png]
[ocw.mit.edu/ans7870/6/6.005/s16/classes/02-basic-java/figures/mutation.png]
[ocw.mit.edu/ans7870/6/6.005/s16/classes/02-basic-java/figures/final-reference.png]
[ocw.mit.edu/ans7870/6/6.005/s16/classes/02-basic-java/figures/collections-list.svg]
[ocw.mit.edu/ans7870/6/6.005/s16/classes/02-basic-java/figures/collections-set.svg]
[ocw.mit.edu/ans7870/6/6.005/s16/classes/02-basic-java/figures/collections-map.svg]
[ocw.mit.edu/ans7870/6/6.005/s16/classes/02-basic-java/figures/bufferedreader-1.png]
[ocw.mit.edu/ans7870/6/6.005/s16/classes/02-basic-java/figures/bufferedreader-2.png]
[ocw.mit.edu/ans7870/6/6.005/s16/classes/02-basic-java/index.html]
[ocw.mit.edu/ans7870/6/6.005/s16/classes/02-basic-java/figures/bufferedreader-3.png]
[ocw.mit.edu/ans7870/6/6.005/s16/classes/03-testing/figures/partition.png]
[ocw.mit.edu/ans7870/6/6.005/s16/classes/03-testing/figures/multiply-partition.png]
[ocw.mit.edu/ans7870/6/6.005/s16/classes/03-testing/figures/max-partition.png]
[ocw.mit.edu/ans7870/6/6.005/s16/classes/03-testing/figures/eclemma.png]
[ocw.mit.edu/ans7870/6/6.005/s16/classes/03-testing/index.html]
[ocw.mit.edu/ans7870/6/6.005/s16/classes/04-code-review/index.html]
[ocw.mit.edu/ans7870/6/6.005/s16/classes/05-version-control/figures/doc.png]
[ocw.mit.edu/ans7870/6/6.005/s16/classes/05-version-control/figures/sourcetree.png]
[ocw.mit.edu/ans7870/6/6.005/s16/classes/05-version-control/figures/hello-git-clone-0.png]
[ocw.mit.edu/ans7870/6/6.005/s16/classes/05-version-control/figures/hello-git-history.png]
[ocw.mit.edu/ans7870/6/6.005/s16/classes/05-version-control/figures/hello-git-history-trees.png]
[ocw.mit.edu/ans7870/6/6.005/s16/classes/05-version-control/figures/hello-git-commit-0.png]
[ocw.mit.edu/ans7870/6/6.005/s16/classes/05-version-control/figures/hello-git-push-0.png]
[ocw.mit.edu/ans7870/6/6.005/s16/classes/05-version-control/index.html]
[ocw.mit.edu/ans7870/6/6.005/s16/classes/06-specifications/index.html]
[ocw.mit.edu/ans7870/6/6.005/s16/classes/05-version-control/figures/hello-git-merge-0.png]
[ocw.mit.edu/ans7870/6/6.005/s16/classes/06-specifications/exceptions/index.html]
[ocw.mit.edu/ans7870/6/6.005/s16/classes/06-specifications/specs/index.html]
[ocw.mit.edu/ans7870/6/6.005/s16/classes/07-designing-specs/figures/space1.svg]
[ocw.mit.edu/ans7870/6/6.005/s16/classes/07-designing-specs/figures/space2.svg]
[ocw.mit.edu/ans7870/6/6.005/s16/classes/07-designing-specs/figures/space3.svg]
[ocw.mit.edu/ans7870/6/6.005/s16/classes/07-designing-specs/index.html]
[ocw.mit.edu/ans7870/6/6.005/s16/classes/08-avoiding-debugging/index.html]
[ocw.mit.edu/ans7870/6/6.005/s16/classes/09-immutability/figures/reassignment.png]
[ocw.mit.edu/ans7870/6/6.005/s16/classes/09-immutability/figures/mutation.png]
[ocw.mit.edu/ans7870/6/6.005/s16/classes/09-immutability/figures/string-vs-stringbuilder.png]
[ocw.mit.edu/ans7870/6/6.005/s16/classes/09-immutability/index.html]
[ocw.mit.edu/ans7870/6/6.005/s16/classes/09-immutability/figures/iterator.png]
[ocw.mit.edu/ans7870/6/6.005/s16/classes/10-recursion/figures/factorial-product.png]
[ocw.mit.edu/ans7870/6/6.005/s16/classes/10-recursion/index.html]
[ocw.mit.edu/ans7870/6/6.005/s16/classes/10-recursion/figures/factorial-recurrence.png]
[ocw.mit.edu/ans7870/6/6.005/s16/classes/11-debugging/index.html]
[ocw.mit.edu/ans7870/6/6.005/s16/classes/12-abstract-data-types/index.html]
[ocw.mit.edu/ans7870/6/6.005/s16/classes/11-debugging/figures/dataflow.png]
[ocw.mit.edu/ans7870/6/6.005/s16/classes/13-abstraction-functions-rep-invariants/figures/retweetLater.png]
[ocw.mit.edu/ans7870/6/6.005/s16/classes/13-abstraction-functions-rep-invariants/figures/tweetEveryHourToday.png]
[ocw.mit.edu/ans7870/6/6.005/s16/classes/13-abstraction-functions-rep-invariants/figures/charset-af-ri.png]
[ocw.mit.edu/ans7870/6/6.005/s16/classes/13-abstraction-functions-rep-invariants/figures/charset-norepeats.svg]
[ocw.mit.edu/ans7870/6/6.005/s16/classes/13-abstraction-functions-rep-invariants/figures/charset-sorted.svg]
[ocw.mit.edu/ans7870/6/6.005/s16/classes/13-abstraction-functions-rep-invariants/figures/charset-sortedrange.svg]
[ocw.mit.edu/ans7870/6/6.005/s16/classes/13-abstraction-functions-rep-invariants/index.html]
[ocw.mit.edu/ans7870/6/6.005/s16/classes/14-interfaces/index.html]
[ocw.mit.edu/ans7870/6/6.005/s16/classes/15-equality/index.html]
[ocw.mit.edu/ans7870/6/6.005/s16/classes/16-recursive-data-types/index.html]
[ocw.mit.edu/ans7870/6/6.005/s16/classes/13-abstraction-functions-rep-invariants/figures/ratnum-af-ri.png]
[ocw.mit.edu/ans7870/6/6.005/s16/classes/16-recursive-data-types/matexpr/index.html]
[ocw.mit.edu/ans7870/6/6.005/s16/classes/16-recursive-data-types/recursive/index.html]
[ocw.mit.edu/ans7870/6/6.005/s16/classes/17-regex-grammars/figures/url-simple.png]
[ocw.mit.edu/ans7870/6/6.005/s16/classes/17-regex-grammars/figures/url-with-hostname.png]
[ocw.mit.edu/ans7870/6/6.005/s16/classes/17-regex-grammars/figures/url-with-recursive-hostname.png]
[ocw.mit.edu/ans7870/6/6.005/s16/classes/17-regex-grammars/figures/markdown.png]
[ocw.mit.edu/ans7870/6/6.005/s16/classes/17-regex-grammars/index.html]
[ocw.mit.edu/ans7870/6/6.005/s16/classes/17-regex-grammars/figures/html.png]
[ocw.mit.edu/ans7870/6/6.005/s16/classes/18-parser-generators/index.html]
[ocw.mit.edu/ans7870/6/6.005/s16/classes/18-parser-generators/figures/intexpr-parse-tree.png]
[ocw.mit.edu/ans7870/6/6.005/s16/classes/19-concurrency/figures/shared-memory.png]
[ocw.mit.edu/ans7870/6/6.005/s16/classes/19-concurrency/figures/message-passing.png]
[ocw.mit.edu/ans7870/6/6.005/s16/classes/19-concurrency/figures/time-slicing.png]
[ocw.mit.edu/ans7870/6/6.005/s16/classes/19-concurrency/figures/shared-memory-bank-account.png]
[ocw.mit.edu/ans7870/6/6.005/s16/classes/19-concurrency/anonymous-runnable/index.html]
[ocw.mit.edu/ans7870/6/6.005/s16/classes/19-concurrency/index.html]
[ocw.mit.edu/ans7870/6/6.005/s16/classes/19-concurrency/figures/message-passing-bank-account.png]
[ocw.mit.edu/ans7870/6/6.005/s16/classes/20-thread-safety/index.html]
[ocw.mit.edu/ans7870/6/6.005/s16/classes/21-sockets-networking/index.html]
[ocw.mit.edu/ans7870/6/6.005/s16/classes/20-thread-safety/figures/confinement-0.png]
[ocw.mit.edu/ans7870/6/6.005/s16/classes/22-queues/figures/multiprocessor.png]
[ocw.mit.edu/ans7870/6/6.005/s16/classes/22-queues/figures/network.png]
[ocw.mit.edu/ans7870/6/6.005/s16/classes/22-queues/figures/producer-consumer.png]
[ocw.mit.edu/ans7870/6/6.005/s16/classes/22-queues/index.html]
[ocw.mit.edu/ans7870/6/6.005/s16/classes/22-queues/figures/message-passing-bank-account.png]
[ocw.mit.edu/ans7870/6/6.005/s16/classes/23-locks/figures/shared-memory-bank-account.png]
[ocw.mit.edu/ans7870/6/6.005/s16/classes/23-locks/figures/locks-bank-account.png]
[ocw.mit.edu/ans7870/6/6.005/s16/classes/23-locks/index.html]
[ocw.mit.edu/ans7870/6/6.005/s16/classes/23-locks/figures/deadlock.png]
[ocw.mit.edu/ans7870/6/6.005/s16/classes/24-graphical-user-interfaces/figures/view-tree-screenshot.png]
[ocw.mit.edu/ans7870/6/6.005/s16/classes/24-graphical-user-interfaces/figures/view-tree-snapshot.png]
[ocw.mit.edu/ans7870/6/6.005/s16/classes/24-graphical-user-interfaces/figures/mvc.png]
[ocw.mit.edu/ans7870/6/6.005/s16/classes/24-graphical-user-interfaces/figures/mvc-textfield.png]
[ocw.mit.edu/ans7870/6/6.005/s16/classes/24-graphical-user-interfaces/index.html]
[ocw.mit.edu/ans7870/6/6.005/s16/classes/24-graphical-user-interfaces/figures/mvc-filesystem.png]
[ocw.mit.edu/ans7870/6/6.005/s16/classes/25-map-filter-reduce/fold-left.svg]
[ocw.mit.edu/ans7870/6/6.005/s16/classes/25-map-filter-reduce/index.html]
[ocw.mit.edu/ans7870/6/6.005/s16/classes/26-little-languages/index.html]
[ocw.mit.edu/ans7870/6/6.005/s16/classes/27-team-version-control/index.html]
[ocw.mit.edu/ans7870/6/6.005/s16/general/index.html]
[ocw.mit.edu/ans7870/6/6.005/s16/general/collaboration.html]
[ocw.mit.edu/ans7870/6/6.005/s16/general/nanoquiz-grading.html]
[ocw.mit.edu/ans7870/6/6.005/s16/getting-started/index.html]
[ocw.mit.edu/ans7870/6/6.005/s16/getting-started/java.html]
[ocw.mit.edu/ans7870/6/6.005/s16/classes/25-map-filter-reduce/fold-right.svg]
[ocw.mit.edu/ans7870/6/6.005/s16/getting-started/perspectives.png]
[ocw.mit.edu/ans7870/6/6.005/s16/getting-started/command-click.png]
[ocw.mit.edu/ans7870/6/6.005/s16/getting-started/eclipse.html]
[ocw.mit.edu/ans7870/6/6.005/s16/getting-started/rename.png]
[ocw.mit.edu/ans7870/6/6.005/s16/psets/ps0/ps0.zip]
[ocw.mit.edu/ans7870/6/6.005/s16/psets/ps0/index.html]
[ocw.mit.edu/ans7870/6/6.005/s16/psets/ps1/index.html]
[ocw.mit.edu/ans7870/6/6.005/s16/psets/ps1/ps1.zip]
[ocw.mit.edu/ans7870/6/6.005/s16/psets/ps2/ps2.zip]
[ocw.mit.edu/ans7870/6/6.005/s16/psets/ps2/doc/index3a59.html]
[ocw.mit.edu/ans7870/6/6.005/s16/psets/ps2/doc/indexfa6f.html]
[ocw.mit.edu/ans7870/6/6.005/s16/psets/ps2/equality-todo.html]
[ocw.mit.edu/ans7870/6/6.005/s16/psets/ps2/figures/icon-java-file.gif]
[ocw.mit.edu/ans7870/6/6.005/s16/psets/ps2/figures/icon-junit.gif]
[ocw.mit.edu/ans7870/6/6.005/s16/psets/ps2/figures/icon-warning.gif]
[ocw.mit.edu/ans7870/6/6.005/s16/psets/ps2/figures/icon-error.gif]
[ocw.mit.edu/ans7870/6/6.005/s16/psets/ps2/figures/icon-source-folder.gif]
[ocw.mit.edu/ans7870/6/6.005/s16/psets/ps2/figures/icon-junit-success.gif]
[ocw.mit.edu/ans7870/6/6.005/s16/psets/ps2/figures/example-corpus.png]
[ocw.mit.edu/ans7870/6/6.005/s16/psets/ps2/index.html]
[ocw.mit.edu/ans7870/6/6.005/s16/psets/ps2/figures/example-graph-0.png]
[ocw.mit.edu/ans7870/6/6.005/s16/psets/ps3/ps3.zip]
[ocw.mit.edu/ans7870/6/6.005/s16/psets/ps3/figures/rule0.png]
[ocw.mit.edu/ans7870/6/6.005/s16/psets/ps3/figures/rule1.png]
[ocw.mit.edu/ans7870/6/6.005/s16/psets/ps3/figures/rule2.png]
[ocw.mit.edu/ans7870/6/6.005/s16/psets/ps3/figures/rule3.png]
[ocw.mit.edu/ans7870/6/6.005/s16/psets/ps3/index.html]
[ocw.mit.edu/ans7870/6/6.005/s16/psets/ps4/ps4.zip]
[ocw.mit.edu/ans7870/6/6.005/s16/psets/ps4/index.html]
[ocw.mit.edu/ans7870/6/6.005/s16/projects/abcplayer/musicnotes.png]
[ocw.mit.edu/ans7870/6/6.005/s16/projects/abcplayer/abcplayer.zip]
[ocw.mit.edu/ans7870/6/6.005/s16/projects/abcplayer/sample_abc/scale.abc]
[ocw.mit.edu/ans7870/6/6.005/s16/projects/abcplayer/spec/index.html]
[ocw.mit.edu/ans7870/6/6.005/s16/projects/abcplayer/team-contract/index.html]
[ocw.mit.edu/ans7870/6/6.005/s16/projects/abcplayer/reflection/index.html]
[ocw.mit.edu/ans7870/6/6.005/s16/projects/abcplayer/sample_abc/little_night_music.abc]
[ocw.mit.edu/ans7870/6/6.005/s16/projects/abcplayer/sample_abc/paddy.abc]
[ocw.mit.edu/ans7870/6/6.005/s16/projects/abcplayer/sample_abc/invention.abc]
[ocw.mit.edu/ans7870/6/6.005/s16/projects/abcplayer/sample_abc/prelude.abc]
[ocw.mit.edu/ans7870/6/6.005/s16/projects/abcplayer/sample_abc/fur_elise.abc]
[ocw.mit.edu/ans7870/6/6.005/s16/projects/abcplayer/sample_abc/abc_song.abc]
[ocw.mit.edu/ans7870/6/6.005/s16/projects/abcplayer/sample_abc/waxies_dargle.abc]
[ocw.mit.edu/ans7870/6/6.005/s16/projects/abcplayer/piece1.png]
[ocw.mit.edu/ans7870/6/6.005/s16/projects/abcplayer/index.html]
[ocw.mit.edu/ans7870/6/6.005/s16/quizzes/archive/index.html]
[ocw.mit.edu/ans7870/6/6.005/s16/web/course-style.css]
[ocw.mit.edu/ans7870/6/6.005/s16/projects/abcplayer/piece2.png]
[ocw.mit.edu/ans7870/6/6.005/s16/classes/02-basic-java/figures/collections-list.svg]
[ocw.mit.edu/ans7870/6/6.005/s16/classes/02-basic-java/figures/collections-set.svg]
[ocw.mit.edu/ans7870/6/6.005/s16/classes/02-basic-java/figures/collections-map.svg]
[ocw.mit.edu/ans7870/6/6.005/s16/classes/05-version-control/figures/hello-git-clone-{index}.html]
[ocw.mit.edu/ans7870/6/6.005/s16/classes/05-version-control/figures/hello-git-commit-{index}.html]
[ocw.mit.edu/ans7870/6/6.005/s16/classes/05-version-control/figures/hello-git-push-{index}.html]
[ocw.mit.edu/ans7870/6/6.005/s16/classes/05-version-control/figures/hello-git-merge-{index}.html]
[ocw.mit.edu/ans7870/6/6.005/s16/web/svg-style.css]
[ocw.mit.edu/ans7870/6/6.005/s16/classes/06-specifications/figures/firewall.png]
[ocw.mit.edu/ans7870/6/6.005/s16/classes/06-specifications/figures/firewall-implies.png]
[ocw.mit.edu/ans7870/6/6.005/s16/classes/06-specifications/figures/firewall-unsat.png]
[ocw.mit.edu/ans7870/6/6.005/s16/classes/06-specifications/specs/index.html]
[ocw.mit.edu/ans7870/6/6.005/s16/classes/06-specifications/figures/firewall-talk.png]
[ocw.mit.edu/ans7870/6/6.005/s16/classes/06-specifications/exceptions/index.html]
[ocw.mit.edu/ans7870/6/6.005/s16/classes/07-designing-specs/figures/space1.svg]
[ocw.mit.edu/ans7870/6/6.005/s16/classes/07-designing-specs/figures/space2.svg]
[ocw.mit.edu/ans7870/6/6.005/s16/classes/07-designing-specs/figures/space3.svg]
[ocw.mit.edu/ans7870/6/6.005/s16/classes/06-specifications/figures/throwable.png]
[ocw.mit.edu/ans7870/6/6.005/s16/classes/13-abstraction-functions-rep-invariants/figures/charset-norepeats.svg]
[ocw.mit.edu/ans7870/6/6.005/s16/classes/13-abstraction-functions-rep-invariants/figures/charset-sorted.svg]
[ocw.mit.edu/ans7870/6/6.005/s16/classes/13-abstraction-functions-rep-invariants/figures/charset-sortedrange.svg]
[ocw.mit.edu/ans7870/6/6.005/s16/classes/16-recursive-data-types/recursive/index.html]
[ocw.mit.edu/ans7870/6/6.005/s16/classes/16-recursive-data-types/matexpr/index.html]
[ocw.mit.edu/ans7870/6/6.005/s16/classes/19-concurrency/anonymous-runnable/index.html]
[ocw.mit.edu/ans7870/6/6.005/s16/classes/16-recursive-data-types/figures/imlist0.png]
[ocw.mit.edu/ans7870/6/6.005/s16/psets/ps2/doc/overview-frame.html]
[ocw.mit.edu/ans7870/6/6.005/s16/psets/ps2/doc/allclasses-frame.html]
[ocw.mit.edu/ans7870/6/6.005/s16/psets/ps2/doc/index3a59.html]
[ocw.mit.edu/ans7870/6/6.005/s16/psets/ps2/doc/indexfa6f.html]
[ocw.mit.edu/ans7870/6/6.005/s16/psets/ps2/equality-todo.html]
[ocw.mit.edu/ans7870/6/6.005/s16/psets/ps2/figures/example-graph-{index}.html]
[ocw.mit.edu/ans7870/6/6.005/s16/psets/ps4/minesweeperGUI.html]
[ocw.mit.edu/ans7870/6/6.005/s16/psets/ps2/doc/overview-summary.html]
[ocw.mit.edu/ans7870/6/6.005/s16/projects/abcplayer/spec/abc_subset_bnf.txt]
[ocw.mit.edu/ans7870/6/6.005/s16/projects/abcplayer/spec/key_signature.png]
[ocw.mit.edu/ans7870/6/6.005/s16/projects/abcplayer/spec/simple_octaves.png]
[ocw.mit.edu/ans7870/6/6.005/s16/projects/abcplayer/spec/length_example.png]
[ocw.mit.edu/ans7870/6/6.005/s16/projects/abcplayer/spec/index.html]
[ocw.mit.edu/ans7870/6/6.005/s16/projects/abcplayer/team-contract/index.html]
[ocw.mit.edu/ans7870/6/6.005/s16/projects/abcplayer/reflection/index.html]
[ocw.mit.edu/ans7870/6/6.005/s16/web/svg-style.css]
[ocw.mit.edu/ans7870/6/6.005/s16/classes/13-abstraction-functions-rep-invariants/figures/svg.html]
[ocw.mit.edu/ans7870/6/6.005/s16/classes/16-recursive-data-types/figures/imlist{index}.html]
[ocw.mit.edu/ans7870/6/6.005/s16/projects/abcplayer/spec/triplet.png]
[ocw.mit.edu/ans7870/6/6.005/s16/psets/ps2/doc/stylesheet.css]
[ocw.mit.edu/ans7870/6/6.005/s16/psets/ps2/doc/script.js]
[ocw.mit.edu/ans7870/6/6.005/s16/psets/ps2/doc/graph/package-frame.html]
[ocw.mit.edu/ans7870/6/6.005/s16/psets/ps2/doc/overview-frame.html]
[ocw.mit.edu/ans7870/6/6.005/s16/psets/ps2/doc/poet/package-frame.html]
[ocw.mit.edu/ans7870/6/6.005/s16/psets/ps2/doc/graph/Graph.html]
[ocw.mit.edu/ans7870/6/6.005/s16/psets/ps2/doc/allclasses-frame.html]
[ocw.mit.edu/ans7870/6/6.005/s16/psets/ps2/doc/poet/GraphPoet.html]
[ocw.mit.edu/ans7870/6/6.005/s16/psets/ps2/doc/overview-tree.html]
[ocw.mit.edu/ans7870/6/6.005/s16/psets/ps2/doc/indexe0d5.html]
[ocw.mit.edu/ans7870/6/6.005/s16/psets/ps2/doc/allclasses-noframe.html]
[ocw.mit.edu/ans7870/6/6.005/s16/psets/ps2/doc/graph/package-summary.html]
[ocw.mit.edu/ans7870/6/6.005/s16/psets/ps2/doc/overview-summary.html]
[ocw.mit.edu/ans7870/6/6.005/s16/psets/ps2/doc/stylesheet.css]
[ocw.mit.edu/ans7870/6/6.005/s16/psets/ps2/doc/graph/package-frame.html]
[ocw.mit.edu/ans7870/6/6.005/s16/psets/ps2/doc/poet/package-frame.html]
[ocw.mit.edu/ans7870/6/6.005/s16/psets/ps2/doc/poet/package-summary.html]
[ocw.mit.edu/ans7870/6/6.005/s16/psets/ps2/doc/graph/Graph.html]
[ocw.mit.edu/ans7870/6/6.005/s16/psets/ps2/doc/graph/package-tree.html]
[ocw.mit.edu/ans7870/6/6.005/s16/psets/ps2/doc/poet/GraphPoet.html]
[ocw.mit.edu/ans7870/6/6.005/s16/psets/ps2/doc/poet/package-tree.html]
[ocw.mit.edu/ans7870/6/6.005/s16/psets/ps2/doc/overview-tree.html]
[ocw.mit.edu/ans7870/6/6.005/s16/psets/ps2/doc/indexe0d5.html]
[ocw.mit.edu/ans7870/6/6.005/s16/psets/ps2/doc/allclasses-noframe.html]
[ocw.mit.edu/ans7870/6/6.005/s16/psets/ps2/doc/indexcaf2.html]
[ocw.mit.edu/ans7870/6/6.005/s16/psets/ps2/doc/graph/package-summary.html]
[ocw.mit.edu/ans7870/6/6.005/s16/psets/ps2/doc/index6946.html]
[ocw.mit.edu/ans7870/6/6.005/s16/psets/ps2/doc/poet/package-summary.html]
[ocw.mit.edu/ans7870/6/6.005/s16/psets/ps2/doc/index8c4c.html]
[ocw.mit.edu/ans7870/6/6.005/s16/psets/ps2/doc/graph/package-tree.html]
[ocw.mit.edu/ans7870/6/6.005/s16/psets/ps2/doc/indexc346.html]
[ocw.mit.edu/ans7870/6/6.005/s16/psets/ps2/doc/poet/package-tree.html]
[ocw.mit.edu/ans7870/6/6.005/s16/psets/ps2/doc/indexcaf2.html]
[ocw.mit.edu/ans7870/6/6.005/s16/psets/ps2/doc/index6946.html]
[ocw.mit.edu/ans7870/6/6.005/s16/psets/ps2/doc/index8c4c.html]
[ocw.mit.edu/ans7870/6/6.005/s16/psets/ps2/doc/indexc346.html]
[ocw.mit.edu/ans7870/6/6.005/s16/psets/ps2/doc/index7f4d.html]
[ocw.mit.edu/ans7870/6/6.005/s16/psets/ps2/doc/index7f4d.html]
